// Jest Snapshot v1, https://goo.gl/fbAQLP

exports[`VerifyDomainConstruct  synthetizes properly 1`] = `
"{
  \\"Resources\\": {
    \\"VerifyDomainFunctionServiceRole9C64A2F3\\": {
      \\"Type\\": \\"AWS::IAM::Role\\",
      \\"Properties\\": {
        \\"AssumeRolePolicyDocument\\": {
          \\"Statement\\": [
            {
              \\"Action\\": \\"sts:AssumeRole\\",
              \\"Effect\\": \\"Allow\\",
              \\"Principal\\": {
                \\"Service\\": \\"lambda.amazonaws.com\\"
              }
            }
          ],
          \\"Version\\": \\"2012-10-17\\"
        },
        \\"ManagedPolicyArns\\": [
          {
            \\"Fn::Join\\": [
              \\"\\",
              [
                \\"arn:\\",
                {
                  \\"Ref\\": \\"AWS::Partition\\"
                },
                \\":iam::aws:policy/service-role/AWSLambdaBasicExecutionRole\\"
              ]
            ]
          }
        ]
      }
    },
    \\"VerifyDomainFunctionServiceRoleDefaultPolicyF875E645\\": {
      \\"Type\\": \\"AWS::IAM::Policy\\",
      \\"Properties\\": {
        \\"PolicyDocument\\": {
          \\"Statement\\": [
            {
              \\"Action\\": \\"acm:DescribeCertificate\\",
              \\"Effect\\": \\"Allow\\",
              \\"Resource\\": \\"*\\"
            },
            {
              \\"Action\\": \\"ses:VerifyDomainIdentity\\",
              \\"Effect\\": \\"Allow\\",
              \\"Resource\\": \\"*\\"
            },
            {
              \\"Action\\": \\"ses:VerifyDomainDkim\\",
              \\"Effect\\": \\"Allow\\",
              \\"Resource\\": \\"*\\"
            },
            {
              \\"Action\\": \\"ses:GetIdentityVerificationAttributes\\",
              \\"Effect\\": \\"Allow\\",
              \\"Resource\\": \\"*\\"
            },
            {
              \\"Action\\": \\"ses:GetIdentityDkimAttributes\\",
              \\"Effect\\": \\"Allow\\",
              \\"Resource\\": \\"*\\"
            },
            {
              \\"Action\\": \\"ses:DeleteIdentity\\",
              \\"Effect\\": \\"Allow\\",
              \\"Resource\\": \\"*\\"
            },
            {
              \\"Action\\": \\"route53:ChangeResourceRecordSets\\",
              \\"Effect\\": \\"Allow\\",
              \\"Resource\\": \\"arn:aws:route53:::hostedzone/<hosted-zone-id>\\"
            },
            {
              \\"Action\\": \\"route53:GetChange\\",
              \\"Effect\\": \\"Allow\\",
              \\"Resource\\": \\"arn:aws:route53:::hostedzone/<hosted-zone-id>\\"
            }
          ],
          \\"Version\\": \\"2012-10-17\\"
        },
        \\"PolicyName\\": \\"VerifyDomainFunctionServiceRoleDefaultPolicyF875E645\\",
        \\"Roles\\": [
          {
            \\"Ref\\": \\"VerifyDomainFunctionServiceRole9C64A2F3\\"
          }
        ]
      }
    },
    \\"VerifyDomainFunctionFB5B1BE6\\": {
      \\"Type\\": \\"AWS::Lambda::Function\\",
      \\"Properties\\": {
        \\"Code\\": {
          \\"S3Bucket\\": {
            \\"Ref\\": \\"AssetParameters8ee8fb524eef3fdcf0c8f7b3a096bc2b85686756e8a3c7176c033e494f985168S3Bucket84802930\\"
          },
          \\"S3Key\\": {
            \\"Fn::Join\\": [
              \\"\\",
              [
                {
                  \\"Fn::Select\\": [
                    0,
                    {
                      \\"Fn::Split\\": [
                        \\"||\\",
                        {
                          \\"Ref\\": \\"AssetParameters8ee8fb524eef3fdcf0c8f7b3a096bc2b85686756e8a3c7176c033e494f985168S3VersionKey04C3B8A9\\"
                        }
                      ]
                    }
                  ]
                },
                {
                  \\"Fn::Select\\": [
                    1,
                    {
                      \\"Fn::Split\\": [
                        \\"||\\",
                        {
                          \\"Ref\\": \\"AssetParameters8ee8fb524eef3fdcf0c8f7b3a096bc2b85686756e8a3c7176c033e494f985168S3VersionKey04C3B8A9\\"
                        }
                      ]
                    }
                  ]
                }
              ]
            ]
          }
        },
        \\"Role\\": {
          \\"Fn::GetAtt\\": [
            \\"VerifyDomainFunctionServiceRole9C64A2F3\\",
            \\"Arn\\"
          ]
        },
        \\"Handler\\": \\"index.verifyDomain\\",
        \\"Runtime\\": \\"nodejs12.x\\",
        \\"Timeout\\": 60
      },
      \\"DependsOn\\": [
        \\"VerifyDomainFunctionServiceRoleDefaultPolicyF875E645\\",
        \\"VerifyDomainFunctionServiceRole9C64A2F3\\"
      ]
    },
    \\"VerifyDomainFA4E3701\\": {
      \\"Type\\": \\"AWS::CloudFormation::CustomResource\\",
      \\"Properties\\": {
        \\"ServiceToken\\": {
          \\"Fn::GetAtt\\": [
            \\"VerifyDomainFunctionFB5B1BE6\\",
            \\"Arn\\"
          ]
        },
        \\"HostedZoneId\\": \\"<hosted-zone-id>\\",
        \\"DomainName\\": \\"mydomain.com\\",
        \\"CertificateArn\\": \\"null\\"
      },
      \\"UpdateReplacePolicy\\": \\"Delete\\",
      \\"DeletionPolicy\\": \\"Delete\\"
    }
  },
  \\"Parameters\\": {
    \\"AssetParameters8ee8fb524eef3fdcf0c8f7b3a096bc2b85686756e8a3c7176c033e494f985168S3Bucket84802930\\": {
      \\"Type\\": \\"String\\",
      \\"Description\\": \\"S3 bucket for asset \\\\\\"8ee8fb524eef3fdcf0c8f7b3a096bc2b85686756e8a3c7176c033e494f985168\\\\\\"\\"
    },
    \\"AssetParameters8ee8fb524eef3fdcf0c8f7b3a096bc2b85686756e8a3c7176c033e494f985168S3VersionKey04C3B8A9\\": {
      \\"Type\\": \\"String\\",
      \\"Description\\": \\"S3 key for asset version \\\\\\"8ee8fb524eef3fdcf0c8f7b3a096bc2b85686756e8a3c7176c033e494f985168\\\\\\"\\"
    },
    \\"AssetParameters8ee8fb524eef3fdcf0c8f7b3a096bc2b85686756e8a3c7176c033e494f985168ArtifactHashDB14117A\\": {
      \\"Type\\": \\"String\\",
      \\"Description\\": \\"Artifact hash for asset \\\\\\"8ee8fb524eef3fdcf0c8f7b3a096bc2b85686756e8a3c7176c033e494f985168\\\\\\"\\"
    }
  }
}"
`;
